OpenJDK 64-Bit Server VM (25.362-b08) for linux-amd64 JRE (1.8.0_362-b08), built on Jan 25 2023 16:43:50 by "mockbuild" with gcc 4.8.5 20150623 (Red Hat 4.8.5-44)
Memory: 4k page, physical 32777080k(32068804k free), swap 10485756k(10485756k free)
CommandLine flags: -XX:+HeapDumpOnOutOfMemoryError -XX:HeapDumpPath=dump.hprof -XX:InitialHeapSize=1073741824 -XX:MaxHeapSize=1073741824 -XX:MaxNewSize=536870912 -XX:NewSize=536870912 -XX:+PrintGC -XX:+PrintGCDetails -XX:+PrintGCTimeStamps -XX:+UseCompressedClassPointers -XX:+UseCompressedOops -XX:+UseParallelGC 
6.052: [GC (Metadata GC Threshold) [PSYoungGen: 267397K->14826K(458752K)] 267397K->14850K(983040K), 0.1568016 secs] [Times: user=0.32 sys=0.72, real=0.15 secs] 
6.209: [Full GC (Metadata GC Threshold) [PSYoungGen: 14826K->0K(458752K)] [ParOldGen: 24K->14112K(524288K)] 14850K->14112K(983040K), [Metaspace: 20487K->20487K(1069056K)], 0.1273571 secs] [Times: user=0.24 sys=0.85, real=0.13 secs] 
8.857: [GC (Metadata GC Threshold) [PSYoungGen: 310730K->14806K(458752K)] 324843K->28991K(983040K), 0.1836187 secs] [Times: user=0.64 sys=0.73, real=0.19 secs] 
9.041: [Full GC (Metadata GC Threshold) [PSYoungGen: 14806K->0K(458752K)] [ParOldGen: 14184K->20921K(524288K)] 28991K->20921K(983040K), [Metaspace: 34110K->34109K(1081344K)], 0.0858231 secs] [Times: user=0.64 sys=0.04, real=0.08 secs] 
12.517: [GC (Allocation Failure) [PSYoungGen: 393216K->29411K(458752K)] 414137K->50340K(983040K), 0.1836421 secs] [Times: user=0.61 sys=0.70, real=0.19 secs] 
15.252: [GC (Allocation Failure) [PSYoungGen: 422627K->23673K(458752K)] 443556K->44610K(983040K), 0.0717131 secs] [Times: user=0.23 sys=0.03, real=0.07 secs] 
19.449: [GC (Metadata GC Threshold) [PSYoungGen: 377458K->31006K(458752K)] 398395K->51951K(983040K), 0.0342350 secs] [Times: user=0.28 sys=0.00, real=0.04 secs] 
19.484: [Full GC (Metadata GC Threshold) [PSYoungGen: 31006K->0K(458752K)] [ParOldGen: 20945K->40404K(524288K)] 51951K->40404K(983040K), [Metaspace: 56378K->56377K(1101824K)], 0.3933018 secs] [Times: user=2.40 sys=0.13, real=0.39 secs] 
22.891: [GC (Allocation Failure) [PSYoungGen: 393216K->12445K(487936K)] 433620K->52865K(1012224K), 0.0911562 secs] [Times: user=0.61 sys=0.37, real=0.09 secs] 
24.270: [GC (Allocation Failure) [PSYoungGen: 465053K->11220K(463872K)] 505473K->51665K(988160K), 0.0350684 secs] [Times: user=0.14 sys=0.17, real=0.03 secs] 
27.816: [GC (Allocation Failure) [PSYoungGen: 463828K->31467K(481792K)] 504273K->71919K(1006080K), 0.1957656 secs] [Times: user=1.86 sys=0.15, real=0.20 secs] 
33.864: [GC (Allocation Failure) [PSYoungGen: 476907K->39392K(484864K)] 517359K->88888K(1009152K), 0.1307352 secs] [Times: user=0.69 sys=0.05, real=0.13 secs] 
36.498: [GC (Metadata GC Threshold) [PSYoungGen: 409359K->39395K(450048K)] 458855K->102604K(974336K), 0.3288029 secs] [Times: user=2.53 sys=1.53, real=0.33 secs] 
36.827: [Full GC (Metadata GC Threshold) [PSYoungGen: 39395K->0K(450048K)] [ParOldGen: 63208K->76721K(524288K)] 102604K->76721K(974336K), [Metaspace: 92802K->92795K(1134592K)], 0.4737754 secs] [Times: user=3.78 sys=0.17, real=0.48 secs] 
259.322: [GC (Allocation Failure) [PSYoungGen: 410624K->9478K(467456K)] 487345K->86208K(991744K), 0.0903843 secs] [Times: user=0.32 sys=0.58, real=0.09 secs] 
2303.881: [GC (Allocation Failure) [PSYoungGen: 420102K->11890K(468480K)] 496832K->88628K(992768K), 0.0497100 secs] [Times: user=0.43 sys=0.05, real=0.05 secs] 
4863.114: [GC (Allocation Failure) [PSYoungGen: 423538K->3347K(467456K)] 500276K->87109K(991744K), 0.0856229 secs] [Times: user=0.63 sys=0.37, real=0.08 secs] 
6967.939: [GC (Allocation Failure) [PSYoungGen: 414995K->9233K(469504K)] 498757K->93003K(993792K), 0.0141607 secs] [Times: user=0.10 sys=0.01, real=0.02 secs] 
7887.489: [GC (Allocation Failure) [PSYoungGen: 422417K->12936K(467968K)] 506187K->96714K(992256K), 0.0816042 secs] [Times: user=0.51 sys=0.44, real=0.09 secs] 
9591.008: [GC (Allocation Failure) [PSYoungGen: 426120K->12833K(473600K)] 509898K->96619K(997888K), 0.0174059 secs] [Times: user=0.12 sys=0.02, real=0.02 secs] 
10960.957: [GC (Allocation Failure) [PSYoungGen: 433697K->13352K(471552K)] 517483K->97146K(995840K), 0.0189074 secs] [Times: user=0.11 sys=0.01, real=0.02 secs] 
13948.869: [GC (Allocation Failure) [PSYoungGen: 434216K->10248K(477184K)] 518010K->94050K(1001472K), 0.0212202 secs] [Times: user=0.16 sys=0.01, real=0.03 secs] 
16953.651: [GC (Allocation Failure) [PSYoungGen: 438792K->10048K(475648K)] 522594K->93859K(999936K), 0.0204109 secs] [Times: user=0.17 sys=0.01, real=0.02 secs] 
20031.170: [GC (Allocation Failure) [PSYoungGen: 438592K->9888K(480256K)] 522403K->93707K(1004544K), 0.0183449 secs] [Times: user=0.14 sys=0.01, real=0.01 secs] 
23122.340: [GC (Allocation Failure) [PSYoungGen: 444576K->10095K(478720K)] 528395K->93921K(1003008K), 0.0534171 secs] [Times: user=0.20 sys=0.15, real=0.05 secs] 
26223.847: [GC (Allocation Failure) [PSYoungGen: 444783K->10237K(483840K)] 528609K->94071K(1008128K), 0.1394672 secs] [Times: user=0.64 sys=0.35, real=0.14 secs] 
29323.678: [GC (Allocation Failure) [PSYoungGen: 452093K->10141K(482304K)] 535927K->93983K(1006592K), 0.0396883 secs] [Times: user=0.33 sys=0.05, real=0.04 secs] 
32464.895: [GC (Allocation Failure) [PSYoungGen: 451997K->9920K(486912K)] 535839K->93763K(1011200K), 0.0174335 secs] [Times: user=0.12 sys=0.01, real=0.02 secs] 
35676.070: [GC (Allocation Failure) [PSYoungGen: 457920K->10128K(485376K)] 541763K->93979K(1009664K), 0.0288030 secs] [Times: user=0.24 sys=0.04, real=0.03 secs] 
38870.087: [GC (Allocation Failure) [PSYoungGen: 458128K->10143K(490496K)] 541979K->94001K(1014784K), 0.0813314 secs] [Times: user=0.44 sys=0.19, real=0.08 secs] 
42090.657: [GC (Allocation Failure) [PSYoungGen: 465311K->8989K(488960K)] 549169K->94006K(1013248K), 0.0851957 secs] [Times: user=0.46 sys=0.09, real=0.09 secs] 
45302.835: [GC (Allocation Failure) [PSYoungGen: 464157K->8624K(492544K)] 549174K->93966K(1016832K), 0.0197230 secs] [Times: user=0.14 sys=0.01, real=0.02 secs] 
48569.997: [GC (Allocation Failure) [PSYoungGen: 468400K->5576K(491520K)] 553742K->94073K(1015808K), 0.0785299 secs] [Times: user=0.78 sys=0.17, real=0.08 secs] 
51828.043: [GC (Allocation Failure) [PSYoungGen: 465352K->3421K(494080K)] 553849K->94296K(1018368K), 0.0173062 secs] [Times: user=0.14 sys=0.01, real=0.02 secs] 
55136.831: [GC (Allocation Failure) [PSYoungGen: 466781K->2813K(493568K)] 557656K->94296K(1017856K), 0.0152583 secs] [Times: user=0.12 sys=0.01, real=0.01 secs] 
58426.470: [GC (Allocation Failure) [PSYoungGen: 466173K->2080K(495104K)] 557656K->94392K(1019392K), 0.0143292 secs] [Times: user=0.07 sys=0.01, real=0.01 secs] 
61738.065: [GC (Allocation Failure) [PSYoungGen: 467488K->2016K(494592K)] 559800K->94416K(1018880K), 0.0172202 secs] [Times: user=0.10 sys=0.00, real=0.02 secs] 
65054.774: [GC (Allocation Failure) [PSYoungGen: 467424K->1984K(496640K)] 559824K->94456K(1020928K), 0.0120741 secs] [Times: user=0.08 sys=0.00, real=0.01 secs] 
68381.940: [GC (Allocation Failure) [PSYoungGen: 469952K->1888K(495616K)] 562424K->94456K(1019904K), 0.0125563 secs] [Times: user=0.09 sys=0.00, real=0.01 secs] 
71700.845: [GC (Allocation Failure) [PSYoungGen: 469856K->1824K(498688K)] 562424K->94448K(1022976K), 0.0097608 secs] [Times: user=0.06 sys=0.00, real=0.01 secs] 
75070.715: [GC (Allocation Failure) [PSYoungGen: 473888K->2080K(497664K)] 566512K->94752K(1021952K), 0.0215906 secs] [Times: user=0.08 sys=0.02, real=0.02 secs] 
78424.069: [GC (Allocation Failure) [PSYoungGen: 474144K->2048K(500736K)] 566816K->94768K(1025024K), 0.0117806 secs] [Times: user=0.04 sys=0.00, real=0.02 secs] 
81805.242: [GC (Allocation Failure) [PSYoungGen: 478208K->2048K(499712K)] 570928K->94824K(1024000K), 0.0188329 secs] [Times: user=0.09 sys=0.02, real=0.02 secs] 
85190.782: [GC (Allocation Failure) [PSYoungGen: 478208K->2016K(502784K)] 570984K->94848K(1027072K), 0.0172771 secs] [Times: user=0.11 sys=0.02, real=0.02 secs] 
88590.775: [GC (Allocation Failure) [PSYoungGen: 482272K->2048K(501760K)] 575104K->94920K(1026048K), 0.0198396 secs] [Times: user=0.12 sys=0.01, real=0.02 secs] 
91727.204: [GC (Allocation Failure) [PSYoungGen: 482304K->2600K(504832K)] 575176K->95521K(1029120K), 0.0632462 secs] [Times: user=0.19 sys=0.06, real=0.06 secs] 
95158.968: [GC (Allocation Failure) [PSYoungGen: 486952K->2112K(503808K)] 579873K->95080K(1028096K), 0.0250842 secs] [Times: user=0.15 sys=0.02, real=0.03 secs] 
